🚀 [批量采集] 后台进程启动 (PID: 4487)
🎯 [批量采集] 本次采样对象: ['TheAIColonyRD', 'karpathy', 'AIFrontliner', 'MengTo', 'rileybrown', 'NotLucknite', 'yevrrah', '0xROAS', 'emollick', 'jackfriks']
📡 [感知器-X] 正在探测账号 @TheAIColonyRD...
✅ [感知器-X] 成功获取 @TheAIColonyRD 的 1 条详细推文
⏭️ [感知器-X] 过滤回复内容: 2024883519214768316
⏳ [批量采集] @TheAIColonyRD 采集完成，单次请求后休眠 14.6s...
⏳ [批量采集] 准备切换账号，模拟步态休眠 113.8s...
📡 [感知器-X] 正在探测账号 @karpathy...
✅ [感知器-X] 成功获取 @karpathy 的 1 条详细推文
⏭️ [感知器-X] 过滤回复内容: 2025083968333476021
⏳ [批量采集] @karpathy 采集完成，单次请求后休眠 13.6s...
⏳ [批量采集] 准备切换账号，模拟步态休眠 31.9s...
📡 [感知器-X] 正在探测账号 @AIFrontliner...
✅ [感知器-X] 成功获取 @AIFrontliner 的 1 条详细推文
⏭️ [感知器-X] 过滤回复内容: 2024911544434221513
⏳ [批量采集] @AIFrontliner 采集完成，单次请求后休眠 7.0s...
⏳ [批量采集] 准备切换账号，模拟步态休眠 81.8s...
📡 [感知器-X] 正在探测账号 @MengTo...
✅ [感知器-X] 成功获取 @MengTo 的 1 条详细推文
⏭️ [感知器-X] 过滤回复内容: 2025053123564486688
⏳ [批量采集] @MengTo 采集完成，单次请求后休眠 8.3s...
⏳ [批量采集] 准备切换账号，模拟步态休眠 76.0s...
📡 [感知器-X] 正在探测账号 @rileybrown...
✅ [感知器-X] 成功获取 @rileybrown 的 1 条详细推文
⏭️ [感知器-X] 过滤非文章内容 (短 POST): 2024755650455359694
⏳ [批量采集] @rileybrown 采集完成，单次请求后休眠 10.5s...
⏳ [批量采集] 准备切换账号，模拟步态休眠 115.7s...
📡 [感知器-X] 正在探测账号 @NotLucknite...
✅ [感知器-X] 成功获取 @NotLucknite 的 1 条详细推文
⏭️ [感知器-X] 过滤回复内容: 2024222495327260831
⏳ [批量采集] @NotLucknite 采集完成，单次请求后休眠 10.5s...
⏳ [批量采集] 准备切换账号，模拟步态休眠 88.5s...
📡 [感知器-X] 正在探测账号 @yevrrah...
✅ [感知器-X] 成功获取 @yevrrah 的 1 条详细推文
⏭️ [感知器-X] 过滤回复内容: 2024799877906174363
⏳ [批量采集] @yevrrah 采集完成，单次请求后休眠 8.5s...
⏳ [批量采集] 准备切换账号，模拟步态休眠 110.9s...
📡 [感知器-X] 正在探测账号 @0xROAS...
✅ [感知器-X] 成功获取 @0xROAS 的 1 条详细推文
⏭️ [感知器-X] 过滤非文章内容 (短 POST): 2024589163471720510
⏳ [批量采集] @0xROAS 采集完成，单次请求后休眠 7.3s...
⏳ [批量采集] 准备切换账号，模拟步态休眠 81.9s...
📡 [感知器-X] 正在探测账号 @emollick...
✅ [感知器-X] 成功获取 @emollick 的 1 条详细推文
⏭️ [感知器-X] 过滤非文章内容 (短 POST): 2025088091883450614
⏳ [批量采集] @emollick 采集完成，单次请求后休眠 5.8s...
⏳ [批量采集] 准备切换账号，模拟步态休眠 60.3s...
📡 [感知器-X] 正在探测账号 @jackfriks...
✅ [感知器-X] 成功获取 @jackfriks 的 1 条详细推文
⏭️ [感知器-X] 过滤回复内容: 2025079638398029978
⏳ [批量采集] @jackfriks 采集完成，单次请求后休眠 8.0s...
✅ [批量采集] 完成本次采样任务。
👋 [批量采集] 进程结束。
